Watching for file changes with StatReloader
C:\Users\User\Desktop\Python\Домашнее задание АЖ-04-26\backend\uiPipolker\uiPipolker\settings.py changed, reloading.
Watching for file changes with StatReloader
Watching for file changes with StatReloader
"GET / HTTP/1.1" 200 12451
Not Found: /favicon.ico
"GET /favicon.ico HTTP/1.1" 404 2212
"GET /admin/ HTTP/1.1" 302 0
"GET /admin/login/?next=/admin/ HTTP/1.1" 500 59
"GET /admin/login/?next=/admin/ HTTP/1.1" 500 59
C:\Users\User\Desktop\Python\Домашнее задание АЖ-04-26\backend\uiPipolker\uiPipolker\settings.py changed, reloading.
Watching for file changes with StatReloader
"GET /admin/login/?next=/admin/ HTTP/1.1" 200 4378
"GET /static/admin/css/base.css HTTP/1.1" 200 22120
"GET /static/admin/css/login.css HTTP/1.1" 200 951
"GET /static/admin/css/nav_sidebar.css HTTP/1.1" 200 2810
"GET /static/admin/css/dark_mode.css HTTP/1.1" 200 2808
"GET /static/admin/css/responsive.css HTTP/1.1" 200 16565
"GET /static/admin/js/theme.js HTTP/1.1" 200 1653
"GET /static/admin/js/nav_sidebar.js HTTP/1.1" 200 3063
"POST /admin/login/?next=/admin/ HTTP/1.1" 302 0
"GET /admin/ HTTP/1.1" 200 8728
"GET /static/admin/css/dashboard.css HTTP/1.1" 200 441
"GET /static/admin/img/icon-addlink.svg HTTP/1.1" 200 331
"GET /static/admin/img/icon-changelink.svg HTTP/1.1" 200 380
"GET /admin/axes/accesslog/ HTTP/1.1" 200 15398
"GET /static/admin/css/changelists.css HTTP/1.1" 200 6878
"GET /static/admin/js/jquery.init.js HTTP/1.1" 200 347
"GET /static/admin/js/admin/RelatedObjectLookups.js HTTP/1.1" 200 9777
"GET /static/admin/js/core.js HTTP/1.1" 200 6208
"GET /static/admin/js/actions.js HTTP/1.1" 200 8076
"GET /static/admin/js/urlify.js HTTP/1.1" 200 7887
"GET /static/admin/js/prepopulate.js HTTP/1.1" 200 1531
"GET /static/admin/img/search.svg HTTP/1.1" 200 458
"GET /static/admin/js/vendor/jquery/jquery.js HTTP/1.1" 200 285314
"GET /static/admin/js/vendor/xregexp/xregexp.js HTTP/1.1" 200 325171
"GET /static/admin/js/filters.js HTTP/1.1" 200 978
"GET /admin/jsi18n/ HTTP/1.1" 200 16820
"GET /static/admin/img/icon-viewlink.svg HTTP/1.1" 200 581
"GET /admin/axes/accessattempt/ HTTP/1.1" 200 11686
"GET /admin/jsi18n/ HTTP/1.1" 200 16820
"GET /admin/axes/accessfailurelog/ HTTP/1.1" 200 11698
"GET /admin/jsi18n/ HTTP/1.1" 200 16820
"GET /admin/auth/group/ HTTP/1.1" 200 9921
"GET /admin/jsi18n/ HTTP/1.1" 200 16820
"GET /static/admin/img/tooltag-add.svg HTTP/1.1" 200 331
"GET /admin/auth/user/ HTTP/1.1" 200 14115
"GET /static/admin/img/icon-yes.svg HTTP/1.1" 200 436
"GET /admin/jsi18n/ HTTP/1.1" 200 16820
"GET /static/admin/img/sorting-icons.svg HTTP/1.1" 200 1097
"GET /admin/auth/group/ HTTP/1.1" 200 9921
"GET /admin/jsi18n/ HTTP/1.1" 200 16820
"GET /admin/ HTTP/1.1" 200 8728
C:\Users\User\Desktop\Python\Домашнее задание АЖ-04-26\backend\uiPipolker\uiPipolker\settings.py changed, reloading.
Watching for file changes with StatReloader
Watching for file changes with StatReloader
"GET /admin/ HTTP/1.1" 200 8728
"GET /admin/ HTTP/1.1" 200 8728
"GET /admin/ HTTP/1.1" 200 8728
"GET /admin/ HTTP/1.1" 200 8728
"GET /admin/ HTTP/1.1" 200 8728
"GET /admin/ HTTP/1.1" 200 8728
"GET /admin/ HTTP/1.1" 200 8728
"GET /admin/ HTTP/1.1" 200 8728
"GET /admin/ HTTP/1.1" 200 8728
"GET /admin/ HTTP/1.1" 200 8728
"GET /static/admin/css/base.css HTTP/1.1" 200 22120
"GET /static/admin/css/dashboard.css HTTP/1.1" 200 441
"GET /static/admin/css/responsive.css HTTP/1.1" 200 16565
"GET /static/admin/css/nav_sidebar.css HTTP/1.1" 200 2810
"GET /static/admin/css/dark_mode.css HTTP/1.1" 200 2808
"GET /static/admin/js/theme.js HTTP/1.1" 200 1653
"GET /static/admin/js/nav_sidebar.js HTTP/1.1" 200 3063
"GET /static/admin/img/icon-changelink.svg HTTP/1.1" 200 380
"GET /static/admin/img/icon-addlink.svg HTTP/1.1" 200 331
Not Found: /favicon.ico
"GET /favicon.ico HTTP/1.1" 404 2212
"GET /admin/ HTTP/1.1" 200 8728
"GET /static/admin/css/nav_sidebar.css HTTP/1.1" 200 2810
"GET /static/admin/css/responsive.css HTTP/1.1" 200 16565
"GET /static/admin/css/dark_mode.css HTTP/1.1" 200 2808
"GET /static/admin/js/theme.js HTTP/1.1" 200 1653
"GET /static/admin/css/dashboard.css HTTP/1.1" 200 441
"GET /static/admin/css/base.css HTTP/1.1" 200 22120
"GET /static/admin/js/nav_sidebar.js HTTP/1.1" 200 3063
"GET /static/admin/img/icon-changelink.svg HTTP/1.1" 200 380
"GET /static/admin/img/icon-addlink.svg HTTP/1.1" 200 331
"GET / HTTP/1.1" 200 12451
"GET /admin/ HTTP/1.1" 200 8728
C:\Users\User\Desktop\Python\Домашнее задание АЖ-04-26\backend\uiPipolker\uiPipolker\settings.py changed, reloading.
Watching for file changes with StatReloader
"GET /admin/ HTTP/1.1" 200 17363
"GET /static/vendor/fontawesome-free/css/all.min.css HTTP/1.1" 200 103010
"GET /static/jazzmin/css/main.css HTTP/1.1" 200 14372
"GET /static/vendor/adminlte/js/adminlte.min.js HTTP/1.1" 200 18270
"GET /static/jazzmin/js/main.js HTTP/1.1" 200 4542
"GET /static/vendor/adminlte/css/adminlte.min.css HTTP/1.1" 200 298755
"GET /static/vendor/bootstrap/js/bootstrap.bundle.min.js HTTP/1.1" 200 80721
"GET /static/vendor/adminlte/img/AdminLTELogo.png HTTP/1.1" 200 2637
"GET /static/admin/js/vendor/jquery/jquery.js HTTP/1.1" 200 285314
"GET /static/vendor/fontawesome-free/webfonts/fa-regular-400.woff2 HTTP/1.1" 200 25392
"GET /static/vendor/fontawesome-free/webfonts/fa-solid-900.woff2 HTTP/1.1" 200 156400
"GET /static/vendor/adminlte/img/AdminLTELogo.png HTTP/1.1" 200 2637
Watching for file changes with StatReloader
"GET /admin/ HTTP/1.1" 200 22866
"GET /static/vendor/fontawesome-free/css/all.min.css HTTP/1.1" 200 103010
"GET /static/vendor/adminlte/js/adminlte.min.js HTTP/1.1" 200 18270
"GET /static/jazzmin/js/main.js HTTP/1.1" 200 4542
"GET /static/jazzmin/css/main.css HTTP/1.1" 200 14372
"GET /static/vendor/adminlte/img/AdminLTELogo.png HTTP/1.1" 200 2637
"GET /static/vendor/bootstrap/js/bootstrap.bundle.min.js HTTP/1.1" 200 80721
"GET /static/vendor/adminlte/css/adminlte.min.css HTTP/1.1" 200 298755
"GET /static/admin/js/vendor/jquery/jquery.js HTTP/1.1" 200 285314
"GET /static/vendor/fontawesome-free/webfonts/fa-regular-400.woff2 HTTP/1.1" 200 25392
"GET /static/vendor/fontawesome-free/webfonts/fa-solid-900.woff2 HTTP/1.1" 200 156400
"GET /static/vendor/adminlte/img/AdminLTELogo.png HTTP/1.1" 200 2637
Internal Server Error: /admin/homework/homework/
Traceback (most recent call last):
  File "C:\Users\User\Desktop\Python\Домашнее задание АЖ-04-26\venv\Lib\site-packages\django\db\backends\utils.py", line 105, in _execute
    return self.cursor.execute(sql, params)
           ^^^^^^^^^^^^^^^^^^^^^^^^^^^^^^^^
psycopg2.errors.UndefinedTable: ОШИБКА:  отношение "homework_subject" не существует
LINE 1: ...ork_subject"."id", "homework_subject"."name" FROM "homework_...
                                                             ^


The above exception was the direct cause of the following exception:

Traceback (most recent call last):
  File "C:\Users\User\Desktop\Python\Домашнее задание АЖ-04-26\venv\Lib\site-packages\django\core\handlers\exception.py", line 55, in inner
    response = get_response(request)
               ^^^^^^^^^^^^^^^^^^^^^
  File "C:\Users\User\Desktop\Python\Домашнее задание АЖ-04-26\venv\Lib\site-packages\django\core\handlers\base.py", line 197, in _get_response
    response = wrapped_callback(request, *callback_args, **callback_kwargs)
               ^^^^^^^^^^^^^^^^^^^^^^^^^^^^^^^^^^^^^^^^^^^^^^^^^^^^^^^^^^^^
  File "C:\Users\User\AppData\Local\Programs\Python\Python311\Lib\contextlib.py", line 81, in inner
    return func(*args, **kwds)
           ^^^^^^^^^^^^^^^^^^^
  File "C:\Users\User\Desktop\Python\Домашнее задание АЖ-04-26\venv\Lib\site-packages\django\contrib\admin\options.py", line 720, in wrapper
    return self.admin_site.admin_view(view)(*args, **kwargs)
           ^^^^^^^^^^^^^^^^^^^^^^^^^^^^^^^^^^^^^^^^^^^^^^^^^
  File "C:\Users\User\Desktop\Python\Домашнее задание АЖ-04-26\venv\Lib\site-packages\django\utils\decorators.py", line 192, in _view_wrapper
    result = _process_exception(request, e)
             ^^^^^^^^^^^^^^^^^^^^^^^^^^^^^^
  File "C:\Users\User\Desktop\Python\Домашнее задание АЖ-04-26\venv\Lib\site-packages\django\utils\decorators.py", line 190, in _view_wrapper
    response = view_func(request, *args, **kwargs)
               ^^^^^^^^^^^^^^^^^^^^^^^^^^^^^^^^^^^
  File "C:\Users\User\Desktop\Python\Домашнее задание АЖ-04-26\venv\Lib\site-packages\django\views\decorators\cache.py", line 80, in _view_wrapper
    response = view_func(request, *args, **kwargs)
               ^^^^^^^^^^^^^^^^^^^^^^^^^^^^^^^^^^^
  File "C:\Users\User\Desktop\Python\Домашнее задание АЖ-04-26\venv\Lib\site-packages\django\contrib\admin\sites.py", line 246, in inner
    return view(request, *args, **kwargs)
           ^^^^^^^^^^^^^^^^^^^^^^^^^^^^^^
  File "C:\Users\User\Desktop\Python\Домашнее задание АЖ-04-26\venv\Lib\site-packages\django\utils\decorators.py", line 48, in _wrapper
    return bound_method(*args, **kwargs)
           ^^^^^^^^^^^^^^^^^^^^^^^^^^^^^
  File "C:\Users\User\Desktop\Python\Домашнее задание АЖ-04-26\venv\Lib\site-packages\django\utils\decorators.py", line 192, in _view_wrapper
    result = _process_exception(request, e)
             ^^^^^^^^^^^^^^^^^^^^^^^^^^^^^^
  File "C:\Users\User\Desktop\Python\Домашнее задание АЖ-04-26\venv\Lib\site-packages\django\utils\decorators.py", line 190, in _view_wrapper
    response = view_func(request, *args, **kwargs)
               ^^^^^^^^^^^^^^^^^^^^^^^^^^^^^^^^^^^
  File "C:\Users\User\Desktop\Python\Домашнее задание АЖ-04-26\venv\Lib\site-packages\django\contrib\admin\options.py", line 2025, in changelist_view
    cl = self.get_changelist_instance(request)
         ^^^^^^^^^^^^^^^^^^^^^^^^^^^^^^^^^^^^^
  File "C:\Users\User\Desktop\Python\Домашнее задание АЖ-04-26\venv\Lib\site-packages\django\contrib\admin\options.py", line 868, in get_changelist_instance
    return ChangeList(
           ^^^^^^^^^^^
  File "C:\Users\User\Desktop\Python\Домашнее задание АЖ-04-26\venv\Lib\site-packages\django\contrib\admin\views\main.py", line 145, in __init__
    self.queryset = self.get_queryset(request)
                    ^^^^^^^^^^^^^^^^^^^^^^^^^^
  File "C:\Users\User\Desktop\Python\Домашнее задание АЖ-04-26\venv\Lib\site-packages\django\contrib\admin\views\main.py", line 545, in get_queryset
    ) = self.get_filters(request)
        ^^^^^^^^^^^^^^^^^^^^^^^^^
  File "C:\Users\User\Desktop\Python\Домашнее задание АЖ-04-26\venv\Lib\site-packages\django\contrib\admin\views\main.py", line 216, in get_filters
    spec = field_list_filter_class(
           ^^^^^^^^^^^^^^^^^^^^^^^^
  File "C:\Users\User\Desktop\Python\Домашнее задание АЖ-04-26\venv\Lib\site-packages\django\contrib\admin\filters.py", line 217, in create
    return list_filter_class(
           ^^^^^^^^^^^^^^^^^^
  File "C:\Users\User\Desktop\Python\Домашнее задание АЖ-04-26\venv\Lib\site-packages\django\contrib\admin\filters.py", line 232, in __init__
    self.lookup_choices = self.field_choices(field, request, model_admin)
                          ^^^^^^^^^^^^^^^^^^^^^^^^^^^^^^^^^^^^^^^^^^^^^^^
  File "C:\Users\User\Desktop\Python\Домашнее задание АЖ-04-26\venv\Lib\site-packages\django\contrib\admin\filters.py", line 273, in field_choices
    return field.get_choices(include_blank=False, ordering=ordering)
           ^^^^^^^^^^^^^^^^^^^^^^^^^^^^^^^^^^^^^^^^^^^^^^^^^^^^^^^^^
  File "C:\Users\User\Desktop\Python\Домашнее задание АЖ-04-26\venv\Lib\site-packages\django\db\models\fields\__init__.py", line 1082, in get_choices
    return (blank_choice if include_blank else []) + [
                                                     ^
  File "C:\Users\User\Desktop\Python\Домашнее задание АЖ-04-26\venv\Lib\site-packages\django\db\models\query.py", line 386, in __iter__
    self._fetch_all()
  File "C:\Users\User\Desktop\Python\Домашнее задание АЖ-04-26\venv\Lib\site-packages\django\db\models\query.py", line 1954, in _fetch_all
    self._result_cache = list(self._iterable_class(self))
                         ^^^^^^^^^^^^^^^^^^^^^^^^^^^^^^^^
  File "C:\Users\User\Desktop\Python\Домашнее задание АЖ-04-26\venv\Lib\site-packages\django\db\models\query.py", line 93, in __iter__
    results = compiler.execute_sql(
              ^^^^^^^^^^^^^^^^^^^^^
  File "C:\Users\User\Desktop\Python\Домашнее задание АЖ-04-26\venv\Lib\site-packages\django\db\models\sql\compiler.py", line 1623, in execute_sql
    cursor.execute(sql, params)
  File "C:\Users\User\Desktop\Python\Домашнее задание АЖ-04-26\venv\Lib\site-packages\django\db\backends\utils.py", line 122, in execute
    return super().execute(sql, params)
           ^^^^^^^^^^^^^^^^^^^^^^^^^^^^
  File "C:\Users\User\Desktop\Python\Домашнее задание АЖ-04-26\venv\Lib\site-packages\django\db\backends\utils.py", line 79, in execute
    return self._execute_with_wrappers(
           ^^^^^^^^^^^^^^^^^^^^^^^^^^^^
  File "C:\Users\User\Desktop\Python\Домашнее задание АЖ-04-26\venv\Lib\site-packages\django\db\backends\utils.py", line 92, in _execute_with_wrappers
    return executor(sql, params, many, context)
           ^^^^^^^^^^^^^^^^^^^^^^^^^^^^^^^^^^^^
  File "C:\Users\User\Desktop\Python\Домашнее задание АЖ-04-26\venv\Lib\site-packages\django\db\backends\utils.py", line 100, in _execute
    with self.db.wrap_database_errors:
  File "C:\Users\User\Desktop\Python\Домашнее задание АЖ-04-26\venv\Lib\site-packages\django\db\utils.py", line 91, in __exit__
    raise dj_exc_value.with_traceback(traceback) from exc_value
  File "C:\Users\User\Desktop\Python\Домашнее задание АЖ-04-26\venv\Lib\site-packages\django\db\backends\utils.py", line 105, in _execute
    return self.cursor.execute(sql, params)
           ^^^^^^^^^^^^^^^^^^^^^^^^^^^^^^^^
django.db.utils.ProgrammingError: ОШИБКА:  отношение "homework_subject" не существует
LINE 1: ...ork_subject"."id", "homework_subject"."name" FROM "homework_...
                                                             ^

"GET /admin/homework/homework/ HTTP/1.1" 500 222575
Not Found: /favicon.ico
"GET /favicon.ico HTTP/1.1" 404 2212
Internal Server Error: /admin/homework/schedule/
Traceback (most recent call last):
  File "C:\Users\User\Desktop\Python\Домашнее задание АЖ-04-26\venv\Lib\site-packages\django\db\backends\utils.py", line 105, in _execute
    return self.cursor.execute(sql, params)
           ^^^^^^^^^^^^^^^^^^^^^^^^^^^^^^^^
psycopg2.errors.UndefinedTable: ОШИБКА:  отношение "homework_subject" не существует
LINE 1: ...ork_subject"."id", "homework_subject"."name" FROM "homework_...
                                                             ^


The above exception was the direct cause of the following exception:

Traceback (most recent call last):
  File "C:\Users\User\Desktop\Python\Домашнее задание АЖ-04-26\venv\Lib\site-packages\django\core\handlers\exception.py", line 55, in inner
    response = get_response(request)
               ^^^^^^^^^^^^^^^^^^^^^
  File "C:\Users\User\Desktop\Python\Домашнее задание АЖ-04-26\venv\Lib\site-packages\django\core\handlers\base.py", line 197, in _get_response
    response = wrapped_callback(request, *callback_args, **callback_kwargs)
               ^^^^^^^^^^^^^^^^^^^^^^^^^^^^^^^^^^^^^^^^^^^^^^^^^^^^^^^^^^^^
  File "C:\Users\User\AppData\Local\Programs\Python\Python311\Lib\contextlib.py", line 81, in inner
    return func(*args, **kwds)
           ^^^^^^^^^^^^^^^^^^^
  File "C:\Users\User\Desktop\Python\Домашнее задание АЖ-04-26\venv\Lib\site-packages\django\contrib\admin\options.py", line 720, in wrapper
    return self.admin_site.admin_view(view)(*args, **kwargs)
           ^^^^^^^^^^^^^^^^^^^^^^^^^^^^^^^^^^^^^^^^^^^^^^^^^
  File "C:\Users\User\Desktop\Python\Домашнее задание АЖ-04-26\venv\Lib\site-packages\django\utils\decorators.py", line 192, in _view_wrapper
    result = _process_exception(request, e)
             ^^^^^^^^^^^^^^^^^^^^^^^^^^^^^^
  File "C:\Users\User\Desktop\Python\Домашнее задание АЖ-04-26\venv\Lib\site-packages\django\utils\decorators.py", line 190, in _view_wrapper
    response = view_func(request, *args, **kwargs)
               ^^^^^^^^^^^^^^^^^^^^^^^^^^^^^^^^^^^
  File "C:\Users\User\Desktop\Python\Домашнее задание АЖ-04-26\venv\Lib\site-packages\django\views\decorators\cache.py", line 80, in _view_wrapper
    response = view_func(request, *args, **kwargs)
               ^^^^^^^^^^^^^^^^^^^^^^^^^^^^^^^^^^^
  File "C:\Users\User\Desktop\Python\Домашнее задание АЖ-04-26\venv\Lib\site-packages\django\contrib\admin\sites.py", line 246, in inner
    return view(request, *args, **kwargs)
           ^^^^^^^^^^^^^^^^^^^^^^^^^^^^^^
  File "C:\Users\User\Desktop\Python\Домашнее задание АЖ-04-26\venv\Lib\site-packages\django\utils\decorators.py", line 48, in _wrapper
    return bound_method(*args, **kwargs)
           ^^^^^^^^^^^^^^^^^^^^^^^^^^^^^
  File "C:\Users\User\Desktop\Python\Домашнее задание АЖ-04-26\venv\Lib\site-packages\django\utils\decorators.py", line 192, in _view_wrapper
    result = _process_exception(request, e)
             ^^^^^^^^^^^^^^^^^^^^^^^^^^^^^^
  File "C:\Users\User\Desktop\Python\Домашнее задание АЖ-04-26\venv\Lib\site-packages\django\utils\decorators.py", line 190, in _view_wrapper
    response = view_func(request, *args, **kwargs)
               ^^^^^^^^^^^^^^^^^^^^^^^^^^^^^^^^^^^
  File "C:\Users\User\Desktop\Python\Домашнее задание АЖ-04-26\venv\Lib\site-packages\django\contrib\admin\options.py", line 2025, in changelist_view
    cl = self.get_changelist_instance(request)
         ^^^^^^^^^^^^^^^^^^^^^^^^^^^^^^^^^^^^^
  File "C:\Users\User\Desktop\Python\Домашнее задание АЖ-04-26\venv\Lib\site-packages\django\contrib\admin\options.py", line 868, in get_changelist_instance
    return ChangeList(
           ^^^^^^^^^^^
  File "C:\Users\User\Desktop\Python\Домашнее задание АЖ-04-26\venv\Lib\site-packages\django\contrib\admin\views\main.py", line 145, in __init__
    self.queryset = self.get_queryset(request)
                    ^^^^^^^^^^^^^^^^^^^^^^^^^^
  File "C:\Users\User\Desktop\Python\Домашнее задание АЖ-04-26\venv\Lib\site-packages\django\contrib\admin\views\main.py", line 545, in get_queryset
    ) = self.get_filters(request)
        ^^^^^^^^^^^^^^^^^^^^^^^^^
  File "C:\Users\User\Desktop\Python\Домашнее задание АЖ-04-26\venv\Lib\site-packages\django\contrib\admin\views\main.py", line 216, in get_filters
    spec = field_list_filter_class(
           ^^^^^^^^^^^^^^^^^^^^^^^^
  File "C:\Users\User\Desktop\Python\Домашнее задание АЖ-04-26\venv\Lib\site-packages\django\contrib\admin\filters.py", line 217, in create
    return list_filter_class(
           ^^^^^^^^^^^^^^^^^^
  File "C:\Users\User\Desktop\Python\Домашнее задание АЖ-04-26\venv\Lib\site-packages\django\contrib\admin\filters.py", line 232, in __init__
    self.lookup_choices = self.field_choices(field, request, model_admin)
                          ^^^^^^^^^^^^^^^^^^^^^^^^^^^^^^^^^^^^^^^^^^^^^^^
  File "C:\Users\User\Desktop\Python\Домашнее задание АЖ-04-26\venv\Lib\site-packages\django\contrib\admin\filters.py", line 273, in field_choices
    return field.get_choices(include_blank=False, ordering=ordering)
           ^^^^^^^^^^^^^^^^^^^^^^^^^^^^^^^^^^^^^^^^^^^^^^^^^^^^^^^^^
  File "C:\Users\User\Desktop\Python\Домашнее задание АЖ-04-26\venv\Lib\site-packages\django\db\models\fields\__init__.py", line 1082, in get_choices
    return (blank_choice if include_blank else []) + [
                                                     ^
  File "C:\Users\User\Desktop\Python\Домашнее задание АЖ-04-26\venv\Lib\site-packages\django\db\models\query.py", line 386, in __iter__
    self._fetch_all()
  File "C:\Users\User\Desktop\Python\Домашнее задание АЖ-04-26\venv\Lib\site-packages\django\db\models\query.py", line 1954, in _fetch_all
    self._result_cache = list(self._iterable_class(self))
                         ^^^^^^^^^^^^^^^^^^^^^^^^^^^^^^^^
  File "C:\Users\User\Desktop\Python\Домашнее задание АЖ-04-26\venv\Lib\site-packages\django\db\models\query.py", line 93, in __iter__
    results = compiler.execute_sql(
              ^^^^^^^^^^^^^^^^^^^^^
  File "C:\Users\User\Desktop\Python\Домашнее задание АЖ-04-26\venv\Lib\site-packages\django\db\models\sql\compiler.py", line 1623, in execute_sql
    cursor.execute(sql, params)
  File "C:\Users\User\Desktop\Python\Домашнее задание АЖ-04-26\venv\Lib\site-packages\django\db\backends\utils.py", line 122, in execute
    return super().execute(sql, params)
           ^^^^^^^^^^^^^^^^^^^^^^^^^^^^
  File "C:\Users\User\Desktop\Python\Домашнее задание АЖ-04-26\venv\Lib\site-packages\django\db\backends\utils.py", line 79, in execute
    return self._execute_with_wrappers(
           ^^^^^^^^^^^^^^^^^^^^^^^^^^^^
  File "C:\Users\User\Desktop\Python\Домашнее задание АЖ-04-26\venv\Lib\site-packages\django\db\backends\utils.py", line 92, in _execute_with_wrappers
    return executor(sql, params, many, context)
           ^^^^^^^^^^^^^^^^^^^^^^^^^^^^^^^^^^^^
  File "C:\Users\User\Desktop\Python\Домашнее задание АЖ-04-26\venv\Lib\site-packages\django\db\backends\utils.py", line 100, in _execute
    with self.db.wrap_database_errors:
  File "C:\Users\User\Desktop\Python\Домашнее задание АЖ-04-26\venv\Lib\site-packages\django\db\utils.py", line 91, in __exit__
    raise dj_exc_value.with_traceback(traceback) from exc_value
  File "C:\Users\User\Desktop\Python\Домашнее задание АЖ-04-26\venv\Lib\site-packages\django\db\backends\utils.py", line 105, in _execute
    return self.cursor.execute(sql, params)
           ^^^^^^^^^^^^^^^^^^^^^^^^^^^^^^^^
django.db.utils.ProgrammingError: ОШИБКА:  отношение "homework_subject" не существует
LINE 1: ...ork_subject"."id", "homework_subject"."name" FROM "homework_...
                                                             ^

"GET /admin/homework/schedule/ HTTP/1.1" 500 222709
Internal Server Error: /admin/homework/subject/
Traceback (most recent call last):
  File "C:\Users\User\Desktop\Python\Домашнее задание АЖ-04-26\venv\Lib\site-packages\django\db\backends\utils.py", line 105, in _execute
    return self.cursor.execute(sql, params)
           ^^^^^^^^^^^^^^^^^^^^^^^^^^^^^^^^
psycopg2.errors.UndefinedTable: ОШИБКА:  отношение "homework_subject" не существует
LINE 1: SELECT COUNT(*) AS "__count" FROM "homework_subject"
                                          ^


The above exception was the direct cause of the following exception:

Traceback (most recent call last):
  File "C:\Users\User\Desktop\Python\Домашнее задание АЖ-04-26\venv\Lib\site-packages\django\core\handlers\exception.py", line 55, in inner
    response = get_response(request)
               ^^^^^^^^^^^^^^^^^^^^^
  File "C:\Users\User\Desktop\Python\Домашнее задание АЖ-04-26\venv\Lib\site-packages\django\core\handlers\base.py", line 197, in _get_response
    response = wrapped_callback(request, *callback_args, **callback_kwargs)
               ^^^^^^^^^^^^^^^^^^^^^^^^^^^^^^^^^^^^^^^^^^^^^^^^^^^^^^^^^^^^
  File "C:\Users\User\AppData\Local\Programs\Python\Python311\Lib\contextlib.py", line 81, in inner
    return func(*args, **kwds)
           ^^^^^^^^^^^^^^^^^^^
  File "C:\Users\User\Desktop\Python\Домашнее задание АЖ-04-26\venv\Lib\site-packages\django\contrib\admin\options.py", line 720, in wrapper
    return self.admin_site.admin_view(view)(*args, **kwargs)
           ^^^^^^^^^^^^^^^^^^^^^^^^^^^^^^^^^^^^^^^^^^^^^^^^^
  File "C:\Users\User\Desktop\Python\Домашнее задание АЖ-04-26\venv\Lib\site-packages\django\utils\decorators.py", line 192, in _view_wrapper
    result = _process_exception(request, e)
             ^^^^^^^^^^^^^^^^^^^^^^^^^^^^^^
  File "C:\Users\User\Desktop\Python\Домашнее задание АЖ-04-26\venv\Lib\site-packages\django\utils\decorators.py", line 190, in _view_wrapper
    response = view_func(request, *args, **kwargs)
               ^^^^^^^^^^^^^^^^^^^^^^^^^^^^^^^^^^^
  File "C:\Users\User\Desktop\Python\Домашнее задание АЖ-04-26\venv\Lib\site-packages\django\views\decorators\cache.py", line 80, in _view_wrapper
    response = view_func(request, *args, **kwargs)
               ^^^^^^^^^^^^^^^^^^^^^^^^^^^^^^^^^^^
  File "C:\Users\User\Desktop\Python\Домашнее задание АЖ-04-26\venv\Lib\site-packages\django\contrib\admin\sites.py", line 246, in inner
    return view(request, *args, **kwargs)
           ^^^^^^^^^^^^^^^^^^^^^^^^^^^^^^
  File "C:\Users\User\Desktop\Python\Домашнее задание АЖ-04-26\venv\Lib\site-packages\django\utils\decorators.py", line 48, in _wrapper
    return bound_method(*args, **kwargs)
           ^^^^^^^^^^^^^^^^^^^^^^^^^^^^^
  File "C:\Users\User\Desktop\Python\Домашнее задание АЖ-04-26\venv\Lib\site-packages\django\utils\decorators.py", line 192, in _view_wrapper
    result = _process_exception(request, e)
             ^^^^^^^^^^^^^^^^^^^^^^^^^^^^^^
  File "C:\Users\User\Desktop\Python\Домашнее задание АЖ-04-26\venv\Lib\site-packages\django\utils\decorators.py", line 190, in _view_wrapper
    response = view_func(request, *args, **kwargs)
               ^^^^^^^^^^^^^^^^^^^^^^^^^^^^^^^^^^^
  File "C:\Users\User\Desktop\Python\Домашнее задание АЖ-04-26\venv\Lib\site-packages\django\contrib\admin\options.py", line 2025, in changelist_view
    cl = self.get_changelist_instance(request)
         ^^^^^^^^^^^^^^^^^^^^^^^^^^^^^^^^^^^^^
  File "C:\Users\User\Desktop\Python\Домашнее задание АЖ-04-26\venv\Lib\site-packages\django\contrib\admin\options.py", line 868, in get_changelist_instance
    return ChangeList(
           ^^^^^^^^^^^
  File "C:\Users\User\Desktop\Python\Домашнее задание АЖ-04-26\venv\Lib\site-packages\django\contrib\admin\views\main.py", line 146, in __init__
    self.get_results(request)
  File "C:\Users\User\Desktop\Python\Домашнее задание АЖ-04-26\venv\Lib\site-packages\django\contrib\admin\views\main.py", line 313, in get_results
    result_count = paginator.count
                   ^^^^^^^^^^^^^^^
  File "C:\Users\User\Desktop\Python\Домашнее задание АЖ-04-26\venv\Lib\site-packages\django\utils\functional.py", line 47, in __get__
    res = instance.__dict__[self.name] = self.func(instance)
                                         ^^^^^^^^^^^^^^^^^^^
  File "C:\Users\User\Desktop\Python\Домашнее задание АЖ-04-26\venv\Lib\site-packages\django\core\paginator.py", line 110, in count
    return c()
           ^^^
  File "C:\Users\User\Desktop\Python\Домашнее задание АЖ-04-26\venv\Lib\site-packages\django\db\models\query.py", line 606, in count
    return self.query.get_count(using=self.db)
           ^^^^^^^^^^^^^^^^^^^^^^^^^^^^^^^^^^^
  File "C:\Users\User\Desktop\Python\Домашнее задание АЖ-04-26\venv\Lib\site-packages\django\db\models\sql\query.py", line 646, in get_count
    return obj.get_aggregation(using, {"__count": Count("*")})["__count"]
           ^^^^^^^^^^^^^^^^^^^^^^^^^^^^^^^^^^^^^^^^^^^^^^^^^^^
  File "C:\Users\User\Desktop\Python\Домашнее задание АЖ-04-26\venv\Lib\site-packages\django\db\models\sql\query.py", line 628, in get_aggregation
    result = compiler.execute_sql(SINGLE)
             ^^^^^^^^^^^^^^^^^^^^^^^^^^^^
  File "C:\Users\User\Desktop\Python\Домашнее задание АЖ-04-26\venv\Lib\site-packages\django\db\models\sql\compiler.py", line 1623, in execute_sql
    cursor.execute(sql, params)
  File "C:\Users\User\Desktop\Python\Домашнее задание АЖ-04-26\venv\Lib\site-packages\django\db\backends\utils.py", line 122, in execute
    return super().execute(sql, params)
           ^^^^^^^^^^^^^^^^^^^^^^^^^^^^
  File "C:\Users\User\Desktop\Python\Домашнее задание АЖ-04-26\venv\Lib\site-packages\django\db\backends\utils.py", line 79, in execute
    return self._execute_with_wrappers(
           ^^^^^^^^^^^^^^^^^^^^^^^^^^^^
  File "C:\Users\User\Desktop\Python\Домашнее задание АЖ-04-26\venv\Lib\site-packages\django\db\backends\utils.py", line 92, in _execute_with_wrappers
    return executor(sql, params, many, context)
           ^^^^^^^^^^^^^^^^^^^^^^^^^^^^^^^^^^^^
  File "C:\Users\User\Desktop\Python\Домашнее задание АЖ-04-26\venv\Lib\site-packages\django\db\backends\utils.py", line 100, in _execute
    with self.db.wrap_database_errors:
  File "C:\Users\User\Desktop\Python\Домашнее задание АЖ-04-26\venv\Lib\site-packages\django\db\utils.py", line 91, in __exit__
    raise dj_exc_value.with_traceback(traceback) from exc_value
  File "C:\Users\User\Desktop\Python\Домашнее задание АЖ-04-26\venv\Lib\site-packages\django\db\backends\utils.py", line 105, in _execute
    return self.cursor.execute(sql, params)
           ^^^^^^^^^^^^^^^^^^^^^^^^^^^^^^^^
django.db.utils.ProgrammingError: ОШИБКА:  отношение "homework_subject" не существует
LINE 1: SELECT COUNT(*) AS "__count" FROM "homework_subject"
                                          ^

"GET /admin/homework/subject/ HTTP/1.1" 500 204830
Watching for file changes with StatReloader
Watching for file changes with StatReloader
"GET /admin/ HTTP/1.1" 200 22866
"GET /static/vendor/fontawesome-free/css/all.min.css HTTP/1.1" 200 103010
"GET /static/vendor/adminlte/js/adminlte.min.js HTTP/1.1" 200 18270
"GET /static/jazzmin/js/main.js HTTP/1.1" 200 4542
"GET /static/vendor/adminlte/css/adminlte.min.css HTTP/1.1" 200 298755
"GET /static/admin/js/vendor/jquery/jquery.js HTTP/1.1" 200 285314
"GET /static/jazzmin/css/main.css HTTP/1.1" 200 14372
"GET /static/vendor/bootstrap/js/bootstrap.bundle.min.js HTTP/1.1" 200 80721
"GET /static/vendor/adminlte/img/AdminLTELogo.png HTTP/1.1" 200 2637
"GET /static/vendor/fontawesome-free/webfonts/fa-regular-400.woff2 HTTP/1.1" 200 25392
"GET /static/vendor/fontawesome-free/webfonts/fa-solid-900.woff2 HTTP/1.1" 200 156400
"GET /static/vendor/adminlte/img/AdminLTELogo.png HTTP/1.1" 200 2637
"GET /admin/homework/homework/ HTTP/1.1" 200 16904
"GET /static/vendor/select2/css/select2.min.css HTTP/1.1" 200 16264
"GET /static/jazzmin/js/change_list.js HTTP/1.1" 200 2205
"GET /static/vendor/select2/js/select2.min.js HTTP/1.1" 200 73170
"GET /admin/jsi18n/ HTTP/1.1" 200 16820
"GET /admin/homework/schedule/ HTTP/1.1" 200 16810
"GET /admin/jsi18n/ HTTP/1.1" 200 16820
"GET /admin/homework/subject/ HTTP/1.1" 200 15669
"GET /admin/jsi18n/ HTTP/1.1" 200 16820
C:\Users\User\Desktop\Python\Домашнее задание АЖ-04-26\backend\uiPipolker\apps\homework\models.py changed, reloading.
Watching for file changes with StatReloader
Watching for file changes with StatReloader
"GET /admin/homework/subject/ HTTP/1.1" 200 15748
"GET /static/vendor/fontawesome-free/css/all.min.css HTTP/1.1" 304 0
"GET /static/vendor/adminlte/css/adminlte.min.css HTTP/1.1" 304 0
"GET /static/jazzmin/css/main.css HTTP/1.1" 304 0
"GET /static/vendor/select2/css/select2.min.css HTTP/1.1" 304 0
"GET /static/vendor/adminlte/img/AdminLTELogo.png HTTP/1.1" 304 0
"GET /static/vendor/bootstrap/js/bootstrap.bundle.min.js HTTP/1.1" 304 0
"GET /static/jazzmin/js/main.js HTTP/1.1" 304 0
"GET /static/vendor/adminlte/js/adminlte.min.js HTTP/1.1" 304 0
"GET /static/vendor/select2/js/select2.min.js HTTP/1.1" 304 0
"GET /static/jazzmin/js/change_list.js HTTP/1.1" 304 0
"GET /admin/jsi18n/ HTTP/1.1" 200 16820
"GET /admin/homework/subject/ HTTP/1.1" 200 15748
"GET /admin/jsi18n/ HTTP/1.1" 200 16820
"GET /static/vendor/fontawesome-free/webfonts/fa-solid-900.woff2 HTTP/1.1" 304 0
"GET /static/vendor/fontawesome-free/webfonts/fa-regular-400.woff2 HTTP/1.1" 304 0
"GET /admin/homework/schedule/ HTTP/1.1" 200 16944
"GET /admin/jsi18n/ HTTP/1.1" 200 16820
"GET /admin/homework/schedule/add/ HTTP/1.1" 200 19732
"GET /admin/jsi18n/ HTTP/1.1" 200 16820
"GET /static/admin/js/prepopulate_init.js HTTP/1.1" 200 586
"GET /static/admin/js/change_form.js HTTP/1.1" 200 606
"GET /static/jazzmin/js/change_form.js HTTP/1.1" 200 6045
"GET /admin/homework/subject/ HTTP/1.1" 200 15748
"GET /admin/jsi18n/ HTTP/1.1" 200 16820
"GET /admin/homework/subject/add/ HTTP/1.1" 200 16297
"GET /admin/jsi18n/ HTTP/1.1" 200 16820
C:\Users\User\Desktop\Python\Домашнее задание АЖ-04-26\backend\uiPipolker\apps\homework\models.py changed, reloading.
Watching for file changes with StatReloader
"POST /admin/homework/subject/add/ HTTP/1.1" 302 0
"GET /admin/homework/subject/add/ HTTP/1.1" 200 16926
"GET /static/vendor/fontawesome-free/css/all.min.css HTTP/1.1" 304 0
"GET /static/vendor/adminlte/css/adminlte.min.css HTTP/1.1" 304 0
"GET /static/jazzmin/css/main.css HTTP/1.1" 304 0
"GET /static/vendor/select2/css/select2.min.css HTTP/1.1" 304 0
"GET /static/vendor/bootstrap/js/bootstrap.bundle.min.js HTTP/1.1" 304 0
"GET /static/vendor/adminlte/img/AdminLTELogo.png HTTP/1.1" 304 0
"GET /static/vendor/adminlte/js/adminlte.min.js HTTP/1.1" 304 0
"GET /static/jazzmin/js/main.js HTTP/1.1" 304 0
"GET /static/vendor/select2/js/select2.min.js HTTP/1.1" 304 0
"GET /static/jazzmin/js/change_form.js HTTP/1.1" 304 0
"GET /admin/jsi18n/ HTTP/1.1" 200 16820
"POST /admin/homework/subject/add/ HTTP/1.1" 302 0
"GET /admin/homework/subject/add/ HTTP/1.1" 200 16920
"GET /admin/jsi18n/ HTTP/1.1" 200 16820
"GET /static/vendor/fontawesome-free/webfonts/fa-solid-900.woff2 HTTP/1.1" 304 0
"GET /static/vendor/fontawesome-free/webfonts/fa-regular-400.woff2 HTTP/1.1" 304 0
"POST /admin/homework/subject/add/ HTTP/1.1" 302 0
"GET /admin/homework/subject/add/ HTTP/1.1" 200 16930
"GET /admin/jsi18n/ HTTP/1.1" 200 16820
"POST /admin/homework/subject/add/ HTTP/1.1" 302 0
"GET /admin/homework/subject/add/ HTTP/1.1" 200 16933
"GET /admin/jsi18n/ HTTP/1.1" 200 16820
"POST /admin/homework/subject/add/ HTTP/1.1" 302 0
"GET /admin/homework/subject/add/ HTTP/1.1" 200 16937
"GET /admin/jsi18n/ HTTP/1.1" 200 16820
"POST /admin/homework/subject/add/ HTTP/1.1" 302 0
"GET /admin/homework/subject/add/ HTTP/1.1" 200 16939
"GET /static/vendor/fontawesome-free/css/all.min.css HTTP/1.1" 304 0
"GET /static/vendor/adminlte/css/adminlte.min.css HTTP/1.1" 304 0
"GET /static/jazzmin/css/main.css HTTP/1.1" 304 0
"GET /static/vendor/select2/css/select2.min.css HTTP/1.1" 304 0
"GET /static/vendor/adminlte/img/AdminLTELogo.png HTTP/1.1" 304 0
"GET /static/vendor/bootstrap/js/bootstrap.bundle.min.js HTTP/1.1" 304 0
"GET /static/vendor/adminlte/js/adminlte.min.js HTTP/1.1" 304 0
"GET /static/jazzmin/js/main.js HTTP/1.1" 304 0
"GET /static/vendor/select2/js/select2.min.js HTTP/1.1" 304 0
"GET /static/jazzmin/js/change_form.js HTTP/1.1" 304 0
"GET /admin/jsi18n/ HTTP/1.1" 200 16820
"GET /static/vendor/fontawesome-free/webfonts/fa-solid-900.woff2 HTTP/1.1" 304 0
"GET /static/vendor/fontawesome-free/webfonts/fa-regular-400.woff2 HTTP/1.1" 304 0
"POST /admin/homework/subject/add/ HTTP/1.1" 302 0
"GET /admin/homework/subject/add/ HTTP/1.1" 200 16922
"GET /admin/jsi18n/ HTTP/1.1" 200 16820
"POST /admin/homework/subject/add/ HTTP/1.1" 302 0
"GET /admin/homework/subject/add/ HTTP/1.1" 200 16932
"GET /admin/jsi18n/ HTTP/1.1" 200 16820
"POST /admin/homework/subject/add/ HTTP/1.1" 302 0
"GET /admin/homework/subject/add/ HTTP/1.1" 200 16928
"GET /admin/jsi18n/ HTTP/1.1" 200 16820
"POST /admin/homework/subject/add/ HTTP/1.1" 302 0
"GET /admin/homework/subject/add/ HTTP/1.1" 200 16946
"GET /static/admin/js/actions.js HTTP/1.1" 304 0
"GET /static/admin/js/core.js HTTP/1.1" 304 0
"GET /static/admin/js/admin/RelatedObjectLookups.js HTTP/1.1" 304 0
"GET /static/admin/js/jquery.init.js HTTP/1.1" 304 0
"GET /static/admin/js/urlify.js HTTP/1.1" 304 0
"GET /static/admin/js/prepopulate.js HTTP/1.1" 304 0
"GET /static/admin/js/vendor/xregexp/xregexp.js HTTP/1.1" 304 0
"GET /admin/jsi18n/ HTTP/1.1" 200 16820
"POST /admin/homework/subject/add/ HTTP/1.1" 302 0
"GET /admin/homework/subject/add/ HTTP/1.1" 200 16944
"GET /admin/jsi18n/ HTTP/1.1" 200 16820
"POST /admin/homework/subject/add/ HTTP/1.1" 302 0
"GET /admin/homework/subject/add/ HTTP/1.1" 200 16954
"GET /static/vendor/fontawesome-free/css/all.min.css HTTP/1.1" 304 0
"GET /static/vendor/adminlte/css/adminlte.min.css HTTP/1.1" 304 0
"GET /static/jazzmin/css/main.css HTTP/1.1" 304 0
"GET /static/vendor/select2/css/select2.min.css HTTP/1.1" 304 0
"GET /static/vendor/bootstrap/js/bootstrap.bundle.min.js HTTP/1.1" 304 0
"GET /static/vendor/adminlte/img/AdminLTELogo.png HTTP/1.1" 304 0
"GET /static/vendor/adminlte/js/adminlte.min.js HTTP/1.1" 304 0
"GET /static/jazzmin/js/main.js HTTP/1.1" 304 0
"GET /static/vendor/select2/js/select2.min.js HTTP/1.1" 304 0
"GET /static/jazzmin/js/change_form.js HTTP/1.1" 304 0
"GET /admin/jsi18n/ HTTP/1.1" 200 16820
"POST /admin/homework/subject/add/ HTTP/1.1" 302 0
"GET /admin/homework/subject/add/ HTTP/1.1" 200 16948
"GET /admin/jsi18n/ HTTP/1.1" 200 16820
"POST /admin/homework/subject/add/ HTTP/1.1" 302 0
"GET /admin/homework/subject/add/ HTTP/1.1" 200 16999
"GET /admin/jsi18n/ HTTP/1.1" 200 16820
"GET /admin/homework/subject/ HTTP/1.1" 200 25073
"GET /static/jazzmin/js/change_list.js HTTP/1.1" 304 0
"GET /admin/jsi18n/ HTTP/1.1" 200 16820
"GET /admin/homework/schedule/ HTTP/1.1" 200 19721
"GET /static/vendor/fontawesome-free/css/all.min.css HTTP/1.1" 304 0
"GET /static/jazzmin/css/main.css HTTP/1.1" 304 0
"GET /static/vendor/adminlte/css/adminlte.min.css HTTP/1.1" 304 0
"GET /static/vendor/select2/css/select2.min.css HTTP/1.1" 304 0
"GET /static/vendor/adminlte/img/AdminLTELogo.png HTTP/1.1" 304 0
"GET /static/vendor/bootstrap/js/bootstrap.bundle.min.js HTTP/1.1" 304 0
"GET /static/vendor/adminlte/js/adminlte.min.js HTTP/1.1" 304 0
"GET /static/jazzmin/js/main.js HTTP/1.1" 304 0
"GET /static/vendor/select2/js/select2.min.js HTTP/1.1" 304 0
"GET /static/jazzmin/js/change_list.js HTTP/1.1" 304 0
"GET /admin/jsi18n/ HTTP/1.1" 200 16820
"GET /static/vendor/fontawesome-free/webfonts/fa-solid-900.woff2 HTTP/1.1" 304 0
"GET /static/vendor/fontawesome-free/webfonts/fa-regular-400.woff2 HTTP/1.1" 304 0
"GET /admin/homework/schedule/add/ HTTP/1.1" 200 20584
"GET /static/jazzmin/js/change_form.js HTTP/1.1" 304 0
"GET /static/admin/img/icon-changelink.svg HTTP/1.1" 304 0
"GET /static/admin/img/icon-addlink.svg HTTP/1.1" 304 0
"GET /static/admin/img/icon-viewlink.svg HTTP/1.1" 304 0
"GET /admin/jsi18n/ HTTP/1.1" 200 16820
"POST /admin/homework/schedule/add/ HTTP/1.1" 302 0
"GET /admin/homework/schedule/add/ HTTP/1.1" 200 21325
"GET /admin/jsi18n/ HTTP/1.1" 200 16820
"POST /admin/homework/schedule/add/ HTTP/1.1" 302 0
"GET /admin/homework/schedule/add/ HTTP/1.1" 200 21321
"GET /static/vendor/adminlte/css/adminlte.min.css HTTP/1.1" 304 0
"GET /static/jazzmin/css/main.css HTTP/1.1" 304 0
"GET /static/vendor/fontawesome-free/css/all.min.css HTTP/1.1" 304 0
"GET /static/vendor/select2/css/select2.min.css HTTP/1.1" 304 0
"GET /static/admin/js/vendor/jquery/jquery.js HTTP/1.1" 304 0
"GET /static/vendor/adminlte/img/AdminLTELogo.png HTTP/1.1" 304 0
"GET /static/vendor/bootstrap/js/bootstrap.bundle.min.js HTTP/1.1" 304 0
"GET /static/vendor/adminlte/js/adminlte.min.js HTTP/1.1" 304 0
"GET /static/vendor/select2/js/select2.min.js HTTP/1.1" 304 0
"GET /static/jazzmin/js/main.js HTTP/1.1" 304 0
"GET /static/jazzmin/js/change_form.js HTTP/1.1" 304 0
"GET /admin/jsi18n/ HTTP/1.1" 200 16820
"GET /static/vendor/fontawesome-free/webfonts/fa-solid-900.woff2 HTTP/1.1" 304 0
"GET /static/vendor/fontawesome-free/webfonts/fa-regular-400.woff2 HTTP/1.1" 304 0
"POST /admin/homework/schedule/add/ HTTP/1.1" 302 0
"GET /admin/homework/schedule/add/ HTTP/1.1" 200 21315
"GET /admin/jsi18n/ HTTP/1.1" 200 16820
C:\Users\User\Desktop\Python\Домашнее задание АЖ-04-26\backend\uiPipolker\apps\homework\models.py changed, reloading.
Watching for file changes with StatReloader
Watching for file changes with StatReloader
"GET /admin/homework/schedule/add/ HTTP/1.1" 200 22206
"GET /static/vendor/fontawesome-free/css/all.min.css HTTP/1.1" 304 0
"GET /static/vendor/adminlte/css/adminlte.min.css HTTP/1.1" 304 0
"GET /static/jazzmin/css/main.css HTTP/1.1" 304 0
"GET /static/vendor/select2/css/select2.min.css HTTP/1.1" 304 0
"GET /static/vendor/adminlte/img/AdminLTELogo.png HTTP/1.1" 304 0
"GET /static/admin/js/change_form.js HTTP/1.1" 304 0
"GET /static/vendor/bootstrap/js/bootstrap.bundle.min.js HTTP/1.1" 304 0
"GET /static/admin/js/prepopulate_init.js HTTP/1.1" 304 0
"GET /static/vendor/adminlte/js/adminlte.min.js HTTP/1.1" 304 0
"GET /static/jazzmin/js/main.js HTTP/1.1" 304 0
"GET /static/vendor/select2/js/select2.min.js HTTP/1.1" 304 0
"GET /static/jazzmin/js/change_form.js HTTP/1.1" 304 0
"GET /admin/jsi18n/ HTTP/1.1" 200 16820
"GET /static/vendor/fontawesome-free/webfonts/fa-solid-900.woff2 HTTP/1.1" 304 0
"GET /static/vendor/fontawesome-free/webfonts/fa-regular-400.woff2 HTTP/1.1" 304 0
"GET /admin/homework/schedule/ HTTP/1.1" 200 25461
"GET /static/jazzmin/js/change_list.js HTTP/1.1" 304 0
"GET /admin/jsi18n/ HTTP/1.1" 200 16820
"GET /admin/homework/schedule/1/change/ HTTP/1.1" 200 22885
"GET /admin/jsi18n/ HTTP/1.1" 200 16820
"POST /admin/homework/schedule/1/change/ HTTP/1.1" 302 0
"GET /admin/homework/schedule/ HTTP/1.1" 200 26100
"GET /admin/jsi18n/ HTTP/1.1" 200 16820
"GET /admin/homework/schedule/2/change/ HTTP/1.1" 200 22881
"GET /admin/jsi18n/ HTTP/1.1" 200 16820
"POST /admin/homework/schedule/2/change/ HTTP/1.1" 302 0
"GET /admin/homework/schedule/add/ HTTP/1.1" 200 22926
"GET /admin/jsi18n/ HTTP/1.1" 200 16820
"GET /admin/homework/schedule/ HTTP/1.1" 200 25461
"GET /admin/jsi18n/ HTTP/1.1" 200 16820
"GET /admin/homework/schedule/ HTTP/1.1" 200 25461
"GET /admin/jsi18n/ HTTP/1.1" 200 16820
"GET /admin/homework/schedule/3/change/ HTTP/1.1" 200 22875
"GET /admin/jsi18n/ HTTP/1.1" 200 16820
"POST /admin/homework/schedule/3/change/ HTTP/1.1" 302 0
"GET /admin/homework/schedule/add/ HTTP/1.1" 200 22920
"GET /admin/jsi18n/ HTTP/1.1" 200 16820
"POST /admin/homework/schedule/add/ HTTP/1.1" 302 0
"GET /admin/homework/schedule/add/ HTTP/1.1" 200 22952
"GET /admin/jsi18n/ HTTP/1.1" 200 16820
"POST /admin/homework/schedule/add/ HTTP/1.1" 302 0
"GET /admin/homework/schedule/add/ HTTP/1.1" 200 22927
"GET /static/vendor/fontawesome-free/css/all.min.css HTTP/1.1" 304 0
"GET /static/jazzmin/css/main.css HTTP/1.1" 304 0
"GET /static/vendor/adminlte/css/adminlte.min.css HTTP/1.1" 304 0
"GET /static/vendor/select2/css/select2.min.css HTTP/1.1" 304 0
"GET /static/vendor/adminlte/img/AdminLTELogo.png HTTP/1.1" 304 0
"GET /static/vendor/bootstrap/js/bootstrap.bundle.min.js HTTP/1.1" 304 0
"GET /static/vendor/adminlte/js/adminlte.min.js HTTP/1.1" 304 0
"GET /static/jazzmin/js/main.js HTTP/1.1" 304 0
"GET /static/vendor/select2/js/select2.min.js HTTP/1.1" 304 0
"GET /static/jazzmin/js/change_form.js HTTP/1.1" 304 0
"GET /admin/jsi18n/ HTTP/1.1" 200 16820
"POST /admin/homework/schedule/add/ HTTP/1.1" 302 0
"GET /admin/homework/schedule/add/ HTTP/1.1" 200 22990
"GET /admin/jsi18n/ HTTP/1.1" 200 16820
"POST /admin/homework/schedule/add/ HTTP/1.1" 302 0
"GET /admin/homework/schedule/add/ HTTP/1.1" 200 22924
"GET /static/admin/js/admin/RelatedObjectLookups.js HTTP/1.1" 304 0
"GET /static/admin/js/core.js HTTP/1.1" 304 0
"GET /static/admin/js/jquery.init.js HTTP/1.1" 304 0
"GET /static/admin/js/urlify.js HTTP/1.1" 304 0
"GET /static/admin/js/actions.js HTTP/1.1" 304 0
"GET /static/admin/js/prepopulate.js HTTP/1.1" 304 0
"GET /static/admin/js/vendor/xregexp/xregexp.js HTTP/1.1" 304 0
"GET /admin/jsi18n/ HTTP/1.1" 200 16820
"POST /admin/homework/schedule/add/ HTTP/1.1" 302 0
"GET /admin/homework/schedule/add/ HTTP/1.1" 200 22922
"GET /admin/jsi18n/ HTTP/1.1" 200 16820
"GET /static/vendor/fontawesome-free/webfonts/fa-regular-400.woff2 HTTP/1.1" 304 0
"GET /static/vendor/fontawesome-free/webfonts/fa-solid-900.woff2 HTTP/1.1" 304 0
"GET /admin/homework/subject/add/?_to_field=id&_popup=1 HTTP/1.1" 200 6276
"GET /static/vendor/fontawesome-free/css/all.min.css HTTP/1.1" 304 0
"GET /static/jazzmin/css/main.css HTTP/1.1" 304 0
"GET /static/vendor/adminlte/css/adminlte.min.css HTTP/1.1" 304 0
"GET /static/vendor/select2/css/select2.min.css HTTP/1.1" 304 0
"GET /static/vendor/bootstrap/js/bootstrap.bundle.min.js HTTP/1.1" 304 0
"GET /static/vendor/adminlte/js/adminlte.min.js HTTP/1.1" 304 0
"GET /static/jazzmin/js/change_form.js HTTP/1.1" 304 0
"GET /static/jazzmin/js/main.js HTTP/1.1" 304 0
"GET /static/vendor/select2/js/select2.min.js HTTP/1.1" 304 0
"GET /admin/jsi18n/ HTTP/1.1" 200 16820
"POST /admin/homework/subject/add/?_to_field=id&_popup=1 HTTP/1.1" 200 523
"GET /static/admin/js/popup_response.js HTTP/1.1" 200 1535
"POST /admin/homework/schedule/add/ HTTP/1.1" 302 0
"GET /admin/homework/schedule/add/ HTTP/1.1" 200 23003
"GET /static/vendor/adminlte/img/AdminLTELogo.png HTTP/1.1" 304 0
"GET /admin/jsi18n/ HTTP/1.1" 200 16820
"POST /admin/homework/schedule/add/ HTTP/1.1" 302 0
"GET /admin/homework/schedule/add/ HTTP/1.1" 200 23002
"GET /admin/jsi18n/ HTTP/1.1" 200 16820
"POST /admin/homework/schedule/add/ HTTP/1.1" 302 0
"GET /admin/homework/schedule/add/ HTTP/1.1" 200 22986
"GET /admin/jsi18n/ HTTP/1.1" 200 16820
"POST /admin/homework/schedule/add/ HTTP/1.1" 302 0
"GET /admin/homework/schedule/add/ HTTP/1.1" 200 22989
"GET /static/vendor/fontawesome-free/css/all.min.css HTTP/1.1" 304 0
"GET /static/jazzmin/css/main.css HTTP/1.1" 304 0
"GET /static/vendor/adminlte/css/adminlte.min.css HTTP/1.1" 304 0
"GET /static/vendor/adminlte/img/AdminLTELogo.png HTTP/1.1" 304 0
"GET /static/vendor/select2/css/select2.min.css HTTP/1.1" 304 0
"GET /static/vendor/bootstrap/js/bootstrap.bundle.min.js HTTP/1.1" 304 0
"GET /static/vendor/adminlte/js/adminlte.min.js HTTP/1.1" 304 0
"GET /static/jazzmin/js/main.js HTTP/1.1" 304 0
"GET /static/vendor/select2/js/select2.min.js HTTP/1.1" 304 0
"GET /static/jazzmin/js/change_form.js HTTP/1.1" 304 0
"GET /admin/jsi18n/ HTTP/1.1" 200 16820
"POST /admin/homework/schedule/add/ HTTP/1.1" 302 0
"GET /admin/homework/schedule/add/ HTTP/1.1" 200 23001
"GET /static/admin/img/icon-changelink.svg HTTP/1.1" 304 0
"GET /static/admin/img/icon-addlink.svg HTTP/1.1" 304 0
"GET /static/admin/img/icon-viewlink.svg HTTP/1.1" 304 0
"GET /admin/jsi18n/ HTTP/1.1" 200 16820
"GET /static/vendor/fontawesome-free/webfonts/fa-solid-900.woff2 HTTP/1.1" 304 0
"GET /static/vendor/fontawesome-free/webfonts/fa-regular-400.woff2 HTTP/1.1" 304 0
"POST /admin/homework/schedule/add/ HTTP/1.1" 302 0
"GET /admin/homework/schedule/add/ HTTP/1.1" 200 22982
"GET /admin/jsi18n/ HTTP/1.1" 200 16820
"POST /admin/homework/schedule/add/ HTTP/1.1" 302 0
"GET /admin/homework/schedule/add/ HTTP/1.1" 200 23007
"GET /admin/jsi18n/ HTTP/1.1" 200 16820
"POST /admin/homework/schedule/add/ HTTP/1.1" 302 0
"GET /admin/homework/schedule/add/ HTTP/1.1" 200 22980
"GET /admin/jsi18n/ HTTP/1.1" 200 16820
"POST /admin/homework/schedule/add/ HTTP/1.1" 302 0
"GET /admin/homework/schedule/add/ HTTP/1.1" 200 22982
"GET /static/admin/js/vendor/jquery/jquery.js HTTP/1.1" 304 0
"GET /admin/jsi18n/ HTTP/1.1" 200 16820
"POST /admin/homework/schedule/add/ HTTP/1.1" 302 0
"GET /admin/homework/schedule/add/ HTTP/1.1" 200 22996
"GET /static/vendor/fontawesome-free/css/all.min.css HTTP/1.1" 304 0
"GET /static/vendor/adminlte/img/AdminLTELogo.png HTTP/1.1" 304 0
"GET /static/vendor/adminlte/css/adminlte.min.css HTTP/1.1" 304 0
"GET /static/jazzmin/css/main.css HTTP/1.1" 304 0
"GET /static/vendor/select2/css/select2.min.css HTTP/1.1" 304 0
"GET /static/vendor/bootstrap/js/bootstrap.bundle.min.js HTTP/1.1" 304 0
"GET /static/vendor/adminlte/js/adminlte.min.js HTTP/1.1" 304 0
"GET /static/jazzmin/js/main.js HTTP/1.1" 304 0
"GET /static/vendor/select2/js/select2.min.js HTTP/1.1" 304 0
"GET /static/jazzmin/js/change_form.js HTTP/1.1" 304 0
"GET /admin/jsi18n/ HTTP/1.1" 200 16820
"POST /admin/homework/schedule/add/ HTTP/1.1" 302 0
"GET /admin/homework/schedule/add/ HTTP/1.1" 200 22998
"GET /admin/jsi18n/ HTTP/1.1" 200 16820
"POST /admin/homework/schedule/add/ HTTP/1.1" 302 0
"GET /admin/homework/schedule/add/ HTTP/1.1" 200 23005
"GET /admin/jsi18n/ HTTP/1.1" 200 16820
"POST /admin/homework/schedule/add/ HTTP/1.1" 302 0
"GET /admin/homework/schedule/add/ HTTP/1.1" 200 22992
"GET /admin/jsi18n/ HTTP/1.1" 200 16820
"GET /static/vendor/fontawesome-free/webfonts/fa-solid-900.woff2 HTTP/1.1" 304 0
"GET /static/vendor/fontawesome-free/webfonts/fa-regular-400.woff2 HTTP/1.1" 304 0
"POST /admin/homework/schedule/add/ HTTP/1.1" 302 0
"GET /admin/homework/schedule/add/ HTTP/1.1" 200 22999
"GET /admin/jsi18n/ HTTP/1.1" 200 16820
"POST /admin/homework/schedule/add/ HTTP/1.1" 302 0
"GET /admin/homework/schedule/add/ HTTP/1.1" 200 23005
"GET /static/admin/js/change_form.js HTTP/1.1" 304 0
"GET /static/admin/js/prepopulate_init.js HTTP/1.1" 304 0
"GET /admin/jsi18n/ HTTP/1.1" 200 16820
"GET /admin/homework/schedule/ HTTP/1.1" 200 37759
"GET /static/jazzmin/js/change_list.js HTTP/1.1" 304 0
"GET /admin/jsi18n/ HTTP/1.1" 200 16820
"GET /admin/homework/schedule/ HTTP/1.1" 200 37759
"GET /admin/jsi18n/ HTTP/1.1" 200 16820
"GET /admin/homework/schedule/ HTTP/1.1" 200 37759
"GET /admin/jsi18n/ HTTP/1.1" 200 16820
"GET /admin/homework/subject/ HTTP/1.1" 200 25563
"GET /admin/jsi18n/ HTTP/1.1" 200 16820
"GET /admin/homework/subject/15/change/ HTTP/1.1" 200 16991
"GET /admin/jsi18n/ HTTP/1.1" 200 16820
"POST /admin/homework/subject/15/change/ HTTP/1.1" 302 0
"GET /admin/homework/subject/ HTTP/1.1" 200 26134
"GET /admin/jsi18n/ HTTP/1.1" 200 16820
"GET /admin/homework/homework/ HTTP/1.1" 200 20040
"GET /admin/jsi18n/ HTTP/1.1" 200 16820
"GET /admin/homework/homework/add/ HTTP/1.1" 200 35840
"GET /static/vendor/fontawesome-free/css/all.min.css HTTP/1.1" 304 0
"GET /static/vendor/adminlte/css/adminlte.min.css HTTP/1.1" 304 0
"GET /static/jazzmin/css/main.css HTTP/1.1" 304 0
"GET /static/vendor/select2/css/select2.min.css HTTP/1.1" 304 0
"GET /static/vendor/adminlte/img/AdminLTELogo.png HTTP/1.1" 304 0
"GET /static/vendor/bootstrap/js/bootstrap.bundle.min.js HTTP/1.1" 304 0
"GET /static/vendor/adminlte/js/adminlte.min.js HTTP/1.1" 304 0
"GET /static/jazzmin/js/main.js HTTP/1.1" 304 0
"GET /static/vendor/select2/js/select2.min.js HTTP/1.1" 304 0
"GET /static/jazzmin/js/change_form.js HTTP/1.1" 304 0
"GET /static/admin/js/calendar.js HTTP/1.1" 200 9141
"GET /static/admin/js/admin/DateTimeShortcuts.js HTTP/1.1" 200 19319
"GET /static/admin/js/inlines.js HTTP/1.1" 200 15628
"GET /admin/jsi18n/ HTTP/1.1" 200 16820
"GET /static/vendor/fontawesome-free/webfonts/fa-brands-400.woff2 HTTP/1.1" 200 117852
"GET /admin/homework/subject/ HTTP/1.1" 200 25563
"GET /admin/jsi18n/ HTTP/1.1" 200 16820
"GET /admin/homework/homework/ HTTP/1.1" 200 20040
"GET /admin/jsi18n/ HTTP/1.1" 200 16820
"GET /admin/homework/schedule/ HTTP/1.1" 200 37759
"GET /admin/jsi18n/ HTTP/1.1" 200 16820
C:\Users\User\Desktop\Python\Домашнее задание АЖ-04-26\backend\uiPipolker\uiPipolker\urls.py changed, reloading.
Watching for file changes with StatReloader
C:\Users\User\Desktop\Python\Домашнее задание АЖ-04-26\backend\uiPipolker\uiPipolker\urls.py changed, reloading.
Watching for file changes with StatReloader
C:\Users\User\Desktop\Python\Домашнее задание АЖ-04-26\backend\uiPipolker\uiPipolker\settings.py changed, reloading.
